this is a test log
this is a test log
this is a test log
this is a test log
this is a test log
this is a test log
this is a test log
this is a test log
this is a test log
this is a test log
this is a test log
this is a test log
this is a test log
this is a test log
this is a test log
this is a test log
this is a test log
this is a test log
this is a test log
this is a test log
this is a test log

